// Jest Snapshot v1, https://goo.gl/fbAQLP

exports[`renders the header of the orders screen appropriately 1`] = `
<View
  style={
    {
      "alignItems": "center",
      "flexDirection": "row",
      "justifyContent": "space-between",
    }
  }
>
  <Text
    style={
      {
        "color": "#103B66",
        "fontSize": 17,
        "fontWeight": "400",
      }
    }
  >
    Orders: 
    <Text
      style={
        {
          "fontWeight": "600",
        }
      }
    >
      24
    </Text>
  </Text>
  <View
    style={
      {
        "alignItems": "center",
        "backgroundColor": "#E7E9EC",
        "borderRadius": 5,
        "flexDirection": "row",
        "gap": 10,
        "height": 58,
        "justifyContent": "center",
        "width": 146,
      }
    }
  >
    <Text
      style={
        {
          "color": "#B6BEC6",
          "fontSize": 16,
          "fontWeight": "600",
        }
      }
    >
      Ship order
    </Text>
    <Image
      source={
        {
          "testUri": "../../../src/assets/external-link-order.png",
        }
      }
    />
  </View>
</View>
`;

exports[`renders the table of the orders screen appropriately 1`] = `
<View
  style={
    {
      "backgroundColor": "white",
      "borderRadius": 10,
      "height": 610,
      "marginTop": 30,
      "width": 370,
    }
  }
>
  <View
    style={
      {
        "borderBottomColor": "#E7E9EC",
        "borderBottomWidth": 1,
        "display": "flex",
        "flexDirection": "row",
      }
    }
  >
    <View
      style={
        {
          "alignItems": "center",
          "flex": 0.7,
          "flexDirection": "row",
          "gap": 5,
          "padding": 15,
        }
      }
    >
      <Image
        source={
          {
            "testUri": "../../../src/assets/checkbox.png",
          }
        }
      />
      <Text
        style={
          {
            "color": "#233B53",
            "fontSize": 17,
            "fontWeight": "600",
          }
        }
      >
        #
      </Text>
      <Image
        source={
          {
            "testUri": "../../../src/assets/chevrons.png",
          }
        }
      />
    </View>
    <View
      style={
        {
          "alignItems": "center",
          "borderLeftColor": "#E7E9EC",
          "borderLeftWidth": 1,
          "flex": 1,
          "flexDirection": "row",
          "gap": 5,
          "padding": 10,
        }
      }
    >
      <Text
        style={
          {
            "color": "#233B53",
            "fontSize": 17,
            "fontWeight": "600",
          }
        }
      >
        Name
      </Text>
      <Image
        source={
          {
            "testUri": "../../../src/assets/chevrons.png",
          }
        }
      />
    </View>
    <View
      style={
        {
          "alignItems": "center",
          "borderLeftColor": "#E7E9EC",
          "borderLeftWidth": 1,
          "flex": 0.8,
          "flexDirection": "row",
          "gap": 5,
          "justifyContent": "center",
        }
      }
    >
      <Text
        style={
          {
            "color": "#233B53",
            "fontSize": 17,
            "fontWeight": "600",
          }
        }
      >
        Stato
      </Text>
      <Image
        source={
          {
            "testUri": "../../../src/assets/chevrons.png",
          }
        }
      />
    </View>
    <View
      style={
        {
          "alignItems": "center",
          "borderLeftColor": "#E7E9EC",
          "borderLeftWidth": 1,
          "flex": 0.5,
          "justifyContent": "center",
        }
      }
    />
  </View>
  <View
    accessibilityState={
      {
        "busy": undefined,
        "checked": undefined,
        "disabled": undefined,
        "expanded": undefined,
        "selected": undefined,
      }
    }
    accessibilityValue={
      {
        "max": undefined,
        "min": undefined,
        "now": undefined,
        "text": undefined,
      }
    }
    accessible={true}
    collapsable={false}
    focusable={true}
    onBlur={[Function]}
    onClick={[Function]}
    onFocus={[Function]}
    onResponderGrant={[Function]}
    onResponderMove={[Function]}
    onResponderRelease={[Function]}
    onResponderTerminate={[Function]}
    onResponderTerminationRequest={[Function]}
    onStartShouldSetResponder={[Function]}
  >
    <View
      style={
        {
          "borderBottomColor": "#E7E9EC",
          "borderBottomWidth": 1,
          "display": "flex",
          "flexDirection": "row",
        }
      }
    >
      <View
        style={
          {
            "alignItems": "center",
            "flex": 0.7,
            "flexDirection": "row",
            "gap": 5,
            "padding": 15,
          }
        }
      >
        <Image
          source={
            {
              "testUri": "../../../src/assets/checkbox.png",
            }
          }
        />
        <Text
          style={
            {
              "color": "#103B66",
              "fontSize": 14,
              "fontWeight": "400",
            }
          }
        >
          2222
        </Text>
      </View>
      <View
        style={
          {
            "alignItems": "center",
            "borderLeftColor": "#E7E9EC",
            "borderLeftWidth": 1,
            "flex": 1,
            "flexDirection": "row",
            "gap": 5,
            "padding": 10,
          }
        }
      >
        <Text
          style={
            {
              "color": "#103B66",
              "fontSize": 14,
              "fontWeight": "400",
            }
          }
        >
          Cameron Williamson
        </Text>
      </View>
      <View
        style={
          {
            "alignItems": "center",
            "borderLeftColor": "#E7E9EC",
            "borderLeftWidth": 1,
            "flex": 0.8,
            "flexDirection": "row",
            "gap": 5,
            "justifyContent": "center",
          }
        }
      >
        <Image
          source={
            {
              "testUri": "../../../src/assets/shipped-icon.png",
            }
          }
        />
      </View>
      <View
        style={
          {
            "alignItems": "center",
            "borderLeftColor": "#E7E9EC",
            "borderLeftWidth": 1,
            "flex": 0.5,
            "justifyContent": "center",
          }
        }
      >
        <Image
          source={
            {
              "testUri": "../../../src/assets/dots.png",
            }
          }
        />
      </View>
    </View>
  </View>
  <View
    accessibilityState={
      {
        "busy": undefined,
        "checked": undefined,
        "disabled": undefined,
        "expanded": undefined,
        "selected": undefined,
      }
    }
    accessibilityValue={
      {
        "max": undefined,
        "min": undefined,
        "now": undefined,
        "text": undefined,
      }
    }
    accessible={true}
    collapsable={false}
    focusable={true}
    onBlur={[Function]}
    onClick={[Function]}
    onFocus={[Function]}
    onResponderGrant={[Function]}
    onResponderMove={[Function]}
    onResponderRelease={[Function]}
    onResponderTerminate={[Function]}
    onResponderTerminationRequest={[Function]}
    onStartShouldSetResponder={[Function]}
  >
    <View
      style={
        {
          "borderBottomColor": "#E7E9EC",
          "borderBottomWidth": 1,
          "display": "flex",
          "flexDirection": "row",
        }
      }
    >
      <View
        style={
          {
            "alignItems": "center",
            "flex": 0.7,
            "flexDirection": "row",
            "gap": 5,
            "padding": 15,
          }
        }
      >
        <Image
          source={
            {
              "testUri": "../../../src/assets/checkbox.png",
            }
          }
        />
        <Text
          style={
            {
              "color": "#103B66",
              "fontSize": 14,
              "fontWeight": "400",
            }
          }
        >
          2222
        </Text>
      </View>
      <View
        style={
          {
            "alignItems": "center",
            "borderLeftColor": "#E7E9EC",
            "borderLeftWidth": 1,
            "flex": 1,
            "flexDirection": "row",
            "gap": 5,
            "padding": 10,
          }
        }
      >
        <Text
          style={
            {
              "color": "#103B66",
              "fontSize": 14,
              "fontWeight": "400",
            }
          }
        >
          Cameron Williamson
        </Text>
      </View>
      <View
        style={
          {
            "alignItems": "center",
            "borderLeftColor": "#E7E9EC",
            "borderLeftWidth": 1,
            "flex": 0.8,
            "flexDirection": "row",
            "gap": 5,
            "justifyContent": "center",
          }
        }
      >
        <Image
          source={
            {
              "testUri": "../../../src/assets/new.png",
            }
          }
        />
      </View>
      <View
        style={
          {
            "alignItems": "center",
            "borderLeftColor": "#E7E9EC",
            "borderLeftWidth": 1,
            "flex": 0.5,
            "justifyContent": "center",
          }
        }
      >
        <Image
          source={
            {
              "testUri": "../../../src/assets/dots.png",
            }
          }
        />
      </View>
    </View>
  </View>
  <View
    accessibilityState={
      {
        "busy": undefined,
        "checked": undefined,
        "disabled": undefined,
        "expanded": undefined,
        "selected": undefined,
      }
    }
    accessibilityValue={
      {
        "max": undefined,
        "min": undefined,
        "now": undefined,
        "text": undefined,
      }
    }
    accessible={true}
    collapsable={false}
    focusable={true}
    onBlur={[Function]}
    onClick={[Function]}
    onFocus={[Function]}
    onResponderGrant={[Function]}
    onResponderMove={[Function]}
    onResponderRelease={[Function]}
    onResponderTerminate={[Function]}
    onResponderTerminationRequest={[Function]}
    onStartShouldSetResponder={[Function]}
  >
    <View
      style={
        {
          "borderBottomColor": "#E7E9EC",
          "borderBottomWidth": 1,
          "display": "flex",
          "flexDirection": "row",
        }
      }
    >
      <View
        style={
          {
            "alignItems": "center",
            "flex": 0.7,
            "flexDirection": "row",
            "gap": 5,
            "padding": 15,
          }
        }
      >
        <Image
          source={
            {
              "testUri": "../../../src/assets/checkbox.png",
            }
          }
        />
        <Text
          style={
            {
              "color": "#103B66",
              "fontSize": 14,
              "fontWeight": "400",
            }
          }
        >
          2222
        </Text>
      </View>
      <View
        style={
          {
            "alignItems": "center",
            "borderLeftColor": "#E7E9EC",
            "borderLeftWidth": 1,
            "flex": 1,
            "flexDirection": "row",
            "gap": 5,
            "padding": 10,
          }
        }
      >
        <Text
          style={
            {
              "color": "#103B66",
              "fontSize": 14,
              "fontWeight": "400",
            }
          }
        >
          Cameron Williamson
        </Text>
      </View>
      <View
        style={
          {
            "alignItems": "center",
            "borderLeftColor": "#E7E9EC",
            "borderLeftWidth": 1,
            "flex": 0.8,
            "flexDirection": "row",
            "gap": 5,
            "justifyContent": "center",
          }
        }
      >
        <Image
          source={
            {
              "testUri": "../../../src/assets/order-effectuated.png",
            }
          }
        />
      </View>
      <View
        style={
          {
            "alignItems": "center",
            "borderLeftColor": "#E7E9EC",
            "borderLeftWidth": 1,
            "flex": 0.5,
            "justifyContent": "center",
          }
        }
      >
        <Image
          source={
            {
              "testUri": "../../../src/assets/dots.png",
            }
          }
        />
      </View>
    </View>
  </View>
  <View
    accessibilityState={
      {
        "busy": undefined,
        "checked": undefined,
        "disabled": undefined,
        "expanded": undefined,
        "selected": undefined,
      }
    }
    accessibilityValue={
      {
        "max": undefined,
        "min": undefined,
        "now": undefined,
        "text": undefined,
      }
    }
    accessible={true}
    collapsable={false}
    focusable={true}
    onBlur={[Function]}
    onClick={[Function]}
    onFocus={[Function]}
    onResponderGrant={[Function]}
    onResponderMove={[Function]}
    onResponderRelease={[Function]}
    onResponderTerminate={[Function]}
    onResponderTerminationRequest={[Function]}
    onStartShouldSetResponder={[Function]}
  >
    <View
      style={
        {
          "borderBottomColor": "#E7E9EC",
          "borderBottomWidth": 1,
          "display": "flex",
          "flexDirection": "row",
        }
      }
    >
      <View
        style={
          {
            "alignItems": "center",
            "flex": 0.7,
            "flexDirection": "row",
            "gap": 5,
            "padding": 15,
          }
        }
      >
        <Image
          source={
            {
              "testUri": "../../../src/assets/checkbox.png",
            }
          }
        />
        <Text
          style={
            {
              "color": "#103B66",
              "fontSize": 14,
              "fontWeight": "400",
            }
          }
        >
          2222
        </Text>
      </View>
      <View
        style={
          {
            "alignItems": "center",
            "borderLeftColor": "#E7E9EC",
            "borderLeftWidth": 1,
            "flex": 1,
            "flexDirection": "row",
            "gap": 5,
            "padding": 10,
          }
        }
      >
        <Text
          style={
            {
              "color": "#103B66",
              "fontSize": 14,
              "fontWeight": "400",
            }
          }
        >
          Cameron Williamson
        </Text>
      </View>
      <View
        style={
          {
            "alignItems": "center",
            "borderLeftColor": "#E7E9EC",
            "borderLeftWidth": 1,
            "flex": 0.8,
            "flexDirection": "row",
            "gap": 5,
            "justifyContent": "center",
          }
        }
      >
        <Image
          source={
            {
              "testUri": "../../../src/assets/new.png",
            }
          }
        />
      </View>
      <View
        style={
          {
            "alignItems": "center",
            "borderLeftColor": "#E7E9EC",
            "borderLeftWidth": 1,
            "flex": 0.5,
            "justifyContent": "center",
          }
        }
      >
        <Image
          source={
            {
              "testUri": "../../../src/assets/dots.png",
            }
          }
        />
      </View>
    </View>
  </View>
  <View
    accessibilityState={
      {
        "busy": undefined,
        "checked": undefined,
        "disabled": undefined,
        "expanded": undefined,
        "selected": undefined,
      }
    }
    accessibilityValue={
      {
        "max": undefined,
        "min": undefined,
        "now": undefined,
        "text": undefined,
      }
    }
    accessible={true}
    collapsable={false}
    focusable={true}
    onBlur={[Function]}
    onClick={[Function]}
    onFocus={[Function]}
    onResponderGrant={[Function]}
    onResponderMove={[Function]}
    onResponderRelease={[Function]}
    onResponderTerminate={[Function]}
    onResponderTerminationRequest={[Function]}
    onStartShouldSetResponder={[Function]}
  >
    <View
      style={
        {
          "borderBottomColor": "#E7E9EC",
          "borderBottomWidth": 1,
          "display": "flex",
          "flexDirection": "row",
        }
      }
    >
      <View
        style={
          {
            "alignItems": "center",
            "flex": 0.7,
            "flexDirection": "row",
            "gap": 5,
            "padding": 15,
          }
        }
      >
        <Image
          source={
            {
              "testUri": "../../../src/assets/checkbox.png",
            }
          }
        />
        <Text
          style={
            {
              "color": "#103B66",
              "fontSize": 14,
              "fontWeight": "400",
            }
          }
        >
          2222
        </Text>
      </View>
      <View
        style={
          {
            "alignItems": "center",
            "borderLeftColor": "#E7E9EC",
            "borderLeftWidth": 1,
            "flex": 1,
            "flexDirection": "row",
            "gap": 5,
            "padding": 10,
          }
        }
      >
        <Text
          style={
            {
              "color": "#103B66",
              "fontSize": 14,
              "fontWeight": "400",
            }
          }
        >
          Cameron Williamson
        </Text>
      </View>
      <View
        style={
          {
            "alignItems": "center",
            "borderLeftColor": "#E7E9EC",
            "borderLeftWidth": 1,
            "flex": 0.8,
            "flexDirection": "row",
            "gap": 5,
            "justifyContent": "center",
          }
        }
      >
        <Image
          source={
            {
              "testUri": "../../../src/assets/order-canceled.png",
            }
          }
        />
      </View>
      <View
        style={
          {
            "alignItems": "center",
            "borderLeftColor": "#E7E9EC",
            "borderLeftWidth": 1,
            "flex": 0.5,
            "justifyContent": "center",
          }
        }
      >
        <Image
          source={
            {
              "testUri": "../../../src/assets/dots.png",
            }
          }
        />
      </View>
    </View>
  </View>
  <View
    accessibilityState={
      {
        "busy": undefined,
        "checked": undefined,
        "disabled": undefined,
        "expanded": undefined,
        "selected": undefined,
      }
    }
    accessibilityValue={
      {
        "max": undefined,
        "min": undefined,
        "now": undefined,
        "text": undefined,
      }
    }
    accessible={true}
    collapsable={false}
    focusable={true}
    onBlur={[Function]}
    onClick={[Function]}
    onFocus={[Function]}
    onResponderGrant={[Function]}
    onResponderMove={[Function]}
    onResponderRelease={[Function]}
    onResponderTerminate={[Function]}
    onResponderTerminationRequest={[Function]}
    onStartShouldSetResponder={[Function]}
  >
    <View
      style={
        {
          "borderBottomColor": "#E7E9EC",
          "borderBottomWidth": 1,
          "display": "flex",
          "flexDirection": "row",
        }
      }
    >
      <View
        style={
          {
            "alignItems": "center",
            "flex": 0.7,
            "flexDirection": "row",
            "gap": 5,
            "padding": 15,
          }
        }
      >
        <Image
          source={
            {
              "testUri": "../../../src/assets/checkbox.png",
            }
          }
        />
        <Text
          style={
            {
              "color": "#103B66",
              "fontSize": 14,
              "fontWeight": "400",
            }
          }
        >
          2222
        </Text>
      </View>
      <View
        style={
          {
            "alignItems": "center",
            "borderLeftColor": "#E7E9EC",
            "borderLeftWidth": 1,
            "flex": 1,
            "flexDirection": "row",
            "gap": 5,
            "padding": 10,
          }
        }
      >
        <Text
          style={
            {
              "color": "#103B66",
              "fontSize": 14,
              "fontWeight": "400",
            }
          }
        >
          Cameron Williamson
        </Text>
      </View>
      <View
        style={
          {
            "alignItems": "center",
            "borderLeftColor": "#E7E9EC",
            "borderLeftWidth": 1,
            "flex": 0.8,
            "flexDirection": "row",
            "gap": 5,
            "justifyContent": "center",
          }
        }
      >
        <Image
          source={
            {
              "testUri": "../../../src/assets/new.png",
            }
          }
        />
      </View>
      <View
        style={
          {
            "alignItems": "center",
            "borderLeftColor": "#E7E9EC",
            "borderLeftWidth": 1,
            "flex": 0.5,
            "justifyContent": "center",
          }
        }
      >
        <Image
          source={
            {
              "testUri": "../../../src/assets/dots.png",
            }
          }
        />
      </View>
    </View>
  </View>
  <View
    accessibilityState={
      {
        "busy": undefined,
        "checked": undefined,
        "disabled": undefined,
        "expanded": undefined,
        "selected": undefined,
      }
    }
    accessibilityValue={
      {
        "max": undefined,
        "min": undefined,
        "now": undefined,
        "text": undefined,
      }
    }
    accessible={true}
    collapsable={false}
    focusable={true}
    onBlur={[Function]}
    onClick={[Function]}
    onFocus={[Function]}
    onResponderGrant={[Function]}
    onResponderMove={[Function]}
    onResponderRelease={[Function]}
    onResponderTerminate={[Function]}
    onResponderTerminationRequest={[Function]}
    onStartShouldSetResponder={[Function]}
  >
    <View
      style={
        {
          "borderBottomColor": "#E7E9EC",
          "borderBottomWidth": 1,
          "display": "flex",
          "flexDirection": "row",
        }
      }
    >
      <View
        style={
          {
            "alignItems": "center",
            "flex": 0.7,
            "flexDirection": "row",
            "gap": 5,
            "padding": 15,
          }
        }
      >
        <Image
          source={
            {
              "testUri": "../../../src/assets/checkbox.png",
            }
          }
        />
        <Text
          style={
            {
              "color": "#103B66",
              "fontSize": 14,
              "fontWeight": "400",
            }
          }
        >
          2222
        </Text>
      </View>
      <View
        style={
          {
            "alignItems": "center",
            "borderLeftColor": "#E7E9EC",
            "borderLeftWidth": 1,
            "flex": 1,
            "flexDirection": "row",
            "gap": 5,
            "padding": 10,
          }
        }
      >
        <Text
          style={
            {
              "color": "#103B66",
              "fontSize": 14,
              "fontWeight": "400",
            }
          }
        >
          Cameron Williamson
        </Text>
      </View>
      <View
        style={
          {
            "alignItems": "center",
            "borderLeftColor": "#E7E9EC",
            "borderLeftWidth": 1,
            "flex": 0.8,
            "flexDirection": "row",
            "gap": 5,
            "justifyContent": "center",
          }
        }
      >
        <Image
          source={
            {
              "testUri": "../../../src/assets/new.png",
            }
          }
        />
      </View>
      <View
        style={
          {
            "alignItems": "center",
            "borderLeftColor": "#E7E9EC",
            "borderLeftWidth": 1,
            "flex": 0.5,
            "justifyContent": "center",
          }
        }
      >
        <Image
          source={
            {
              "testUri": "../../../src/assets/dots.png",
            }
          }
        />
      </View>
    </View>
  </View>
  <View
    accessibilityState={
      {
        "busy": undefined,
        "checked": undefined,
        "disabled": undefined,
        "expanded": undefined,
        "selected": undefined,
      }
    }
    accessibilityValue={
      {
        "max": undefined,
        "min": undefined,
        "now": undefined,
        "text": undefined,
      }
    }
    accessible={true}
    collapsable={false}
    focusable={true}
    onBlur={[Function]}
    onClick={[Function]}
    onFocus={[Function]}
    onResponderGrant={[Function]}
    onResponderMove={[Function]}
    onResponderRelease={[Function]}
    onResponderTerminate={[Function]}
    onResponderTerminationRequest={[Function]}
    onStartShouldSetResponder={[Function]}
  >
    <View
      style={
        {
          "borderBottomColor": "#E7E9EC",
          "borderBottomWidth": 1,
          "display": "flex",
          "flexDirection": "row",
        }
      }
    >
      <View
        style={
          {
            "alignItems": "center",
            "flex": 0.7,
            "flexDirection": "row",
            "gap": 5,
            "padding": 15,
          }
        }
      >
        <Image
          source={
            {
              "testUri": "../../../src/assets/checkbox.png",
            }
          }
        />
        <Text
          style={
            {
              "color": "#103B66",
              "fontSize": 14,
              "fontWeight": "400",
            }
          }
        >
          2222
        </Text>
      </View>
      <View
        style={
          {
            "alignItems": "center",
            "borderLeftColor": "#E7E9EC",
            "borderLeftWidth": 1,
            "flex": 1,
            "flexDirection": "row",
            "gap": 5,
            "padding": 10,
          }
        }
      >
        <Text
          style={
            {
              "color": "#103B66",
              "fontSize": 14,
              "fontWeight": "400",
            }
          }
        >
          Cameron Williamson
        </Text>
      </View>
      <View
        style={
          {
            "alignItems": "center",
            "borderLeftColor": "#E7E9EC",
            "borderLeftWidth": 1,
            "flex": 0.8,
            "flexDirection": "row",
            "gap": 5,
            "justifyContent": "center",
          }
        }
      >
        <Image
          source={
            {
              "testUri": "../../../src/assets/order-in-progress.png",
            }
          }
        />
      </View>
      <View
        style={
          {
            "alignItems": "center",
            "borderLeftColor": "#E7E9EC",
            "borderLeftWidth": 1,
            "flex": 0.5,
            "justifyContent": "center",
          }
        }
      >
        <Image
          source={
            {
              "testUri": "../../../src/assets/dots.png",
            }
          }
        />
      </View>
    </View>
  </View>
  <View
    accessibilityState={
      {
        "busy": undefined,
        "checked": undefined,
        "disabled": undefined,
        "expanded": undefined,
        "selected": undefined,
      }
    }
    accessibilityValue={
      {
        "max": undefined,
        "min": undefined,
        "now": undefined,
        "text": undefined,
      }
    }
    accessible={true}
    collapsable={false}
    focusable={true}
    onBlur={[Function]}
    onClick={[Function]}
    onFocus={[Function]}
    onResponderGrant={[Function]}
    onResponderMove={[Function]}
    onResponderRelease={[Function]}
    onResponderTerminate={[Function]}
    onResponderTerminationRequest={[Function]}
    onStartShouldSetResponder={[Function]}
  >
    <View
      style={
        {
          "borderBottomColor": "#E7E9EC",
          "borderBottomWidth": 1,
          "display": "flex",
          "flexDirection": "row",
        }
      }
    >
      <View
        style={
          {
            "alignItems": "center",
            "flex": 0.7,
            "flexDirection": "row",
            "gap": 5,
            "padding": 15,
          }
        }
      >
        <Image
          source={
            {
              "testUri": "../../../src/assets/checkbox.png",
            }
          }
        />
        <Text
          style={
            {
              "color": "#103B66",
              "fontSize": 14,
              "fontWeight": "400",
            }
          }
        >
          2222
        </Text>
      </View>
      <View
        style={
          {
            "alignItems": "center",
            "borderLeftColor": "#E7E9EC",
            "borderLeftWidth": 1,
            "flex": 1,
            "flexDirection": "row",
            "gap": 5,
            "padding": 10,
          }
        }
      >
        <Text
          style={
            {
              "color": "#103B66",
              "fontSize": 14,
              "fontWeight": "400",
            }
          }
        >
          Cameron Williamson
        </Text>
      </View>
      <View
        style={
          {
            "alignItems": "center",
            "borderLeftColor": "#E7E9EC",
            "borderLeftWidth": 1,
            "flex": 0.8,
            "flexDirection": "row",
            "gap": 5,
            "justifyContent": "center",
          }
        }
      >
        <Image
          source={
            {
              "testUri": "../../../src/assets/order-in-progress.png",
            }
          }
        />
      </View>
      <View
        style={
          {
            "alignItems": "center",
            "borderLeftColor": "#E7E9EC",
            "borderLeftWidth": 1,
            "flex": 0.5,
            "justifyContent": "center",
          }
        }
      >
        <Image
          source={
            {
              "testUri": "../../../src/assets/dots.png",
            }
          }
        />
      </View>
    </View>
  </View>
  <View
    accessibilityState={
      {
        "busy": undefined,
        "checked": undefined,
        "disabled": undefined,
        "expanded": undefined,
        "selected": undefined,
      }
    }
    accessibilityValue={
      {
        "max": undefined,
        "min": undefined,
        "now": undefined,
        "text": undefined,
      }
    }
    accessible={true}
    collapsable={false}
    focusable={true}
    onBlur={[Function]}
    onClick={[Function]}
    onFocus={[Function]}
    onResponderGrant={[Function]}
    onResponderMove={[Function]}
    onResponderRelease={[Function]}
    onResponderTerminate={[Function]}
    onResponderTerminationRequest={[Function]}
    onStartShouldSetResponder={[Function]}
  >
    <View
      style={
        {
          "borderBottomColor": "#E7E9EC",
          "borderBottomWidth": 1,
          "display": "flex",
          "flexDirection": "row",
        }
      }
    >
      <View
        style={
          {
            "alignItems": "center",
            "flex": 0.7,
            "flexDirection": "row",
            "gap": 5,
            "padding": 15,
          }
        }
      >
        <Image
          source={
            {
              "testUri": "../../../src/assets/checkbox.png",
            }
          }
        />
        <Text
          style={
            {
              "color": "#103B66",
              "fontSize": 14,
              "fontWeight": "400",
            }
          }
        >
          2222
        </Text>
      </View>
      <View
        style={
          {
            "alignItems": "center",
            "borderLeftColor": "#E7E9EC",
            "borderLeftWidth": 1,
            "flex": 1,
            "flexDirection": "row",
            "gap": 5,
            "padding": 10,
          }
        }
      >
        <Text
          style={
            {
              "color": "#103B66",
              "fontSize": 14,
              "fontWeight": "400",
            }
          }
        >
          Cameron Williamson
        </Text>
      </View>
      <View
        style={
          {
            "alignItems": "center",
            "borderLeftColor": "#E7E9EC",
            "borderLeftWidth": 1,
            "flex": 0.8,
            "flexDirection": "row",
            "gap": 5,
            "justifyContent": "center",
          }
        }
      >
        <Image
          source={
            {
              "testUri": "../../../src/assets/new.png",
            }
          }
        />
      </View>
      <View
        style={
          {
            "alignItems": "center",
            "borderLeftColor": "#E7E9EC",
            "borderLeftWidth": 1,
            "flex": 0.5,
            "justifyContent": "center",
          }
        }
      >
        <Image
          source={
            {
              "testUri": "../../../src/assets/dots.png",
            }
          }
        />
      </View>
    </View>
  </View>
</View>
`;
